Sorry: IndentationError: unexpected indent (dialect_adapter.py, line 18)